src/components/layout/TopBar.tsx(71,122): error TS2339: Property 'nombre_completo' does not exist on type 'UserProfile'.
src/components/ui/UserProfileModal.tsx(32,31): error TS2339: Property 'nombre_completo' does not exist on type 'UserProfile'.
src/components/ui/UserProfileModal.tsx(236,35): error TS2339: Property 'nombre_completo' does not exist on type 'UserProfile'.
src/components/ui/UserProfileModal.tsx(295,15): error TS2353: Object literal may only specify known properties, and 'nombre_completo' does not exist in type 'UserProfile'.
src/pages/ConfiguracionMaestros.tsx(334,67): error TS2339: Property 'yaExiste' does not exist on type '{ nombre: string; sku: string; activa: boolean; }'.
src/pages/ConfiguracionMaestros.tsx(344,128): error TS2339: Property 'prodId' does not exist on type '{ nombre: string; sku: string; activa: boolean; }'.
src/pages/ConfiguracionMaestros.tsx(344,210): error TS2339: Property 'metadata' does not exist on type '{ nombre: string; sku: string; activa: boolean; }'.
src/pages/ConfiguracionMaestros.tsx(763,36): error TS2345: Argument of type '"tipos_facturas"' is not assignable to parameter of type 'SetStateAction<"categorias" | "hub" | "titulos_base" | "diccionario" | "modelos" | "proveedores" | "rendimientos" | "iconos" | "almacenes" | "monedas" | "usuarios" | "historicos">'.
src/pages/ConfiguracionMaestros.tsx(824,38): error TS2345: Argument of type '"alertas_stock"' is not assignable to parameter of type 'SetStateAction<"categorias" | "hub" | "titulos_base" | "diccionario" | "modelos" | "proveedores" | "rendimientos" | "iconos" | "almacenes" | "monedas" | "usuarios" | "historicos">'.
src/pages/ConfiguracionMaestros.tsx(845,38): error TS2345: Argument of type '"costos_cero"' is not assignable to parameter of type 'SetStateAction<"categorias" | "hub" | "titulos_base" | "diccionario" | "modelos" | "proveedores" | "rendimientos" | "iconos" | "almacenes" | "monedas" | "usuarios" | "historicos">'.
src/pages/ConfiguracionMaestros.tsx(1684,101): error TS2339: Property 'yaExiste' does not exist on type '{ nombre: string; sku: string; activa: boolean; }'.
src/pages/ConfiguracionMaestros.tsx(1689,131): error TS2339: Property 'prodNombre' does not exist on type '{ nombre: string; sku: string; activa: boolean; }'.
src/pages/ConfiguracionMaestros.tsx(1691,65): error TS2339: Property 'yaExiste' does not exist on type '{ nombre: string; sku: string; activa: boolean; }'.
src/pages/ConfiguracionMaestros.tsx(1781,8): error TS2367: This comparison appears to be unintentional because the types '"categorias" | "hub" | "titulos_base" | "diccionario" | "modelos" | "proveedores" | "rendimientos" | "iconos" | "almacenes" | "monedas" | "usuarios" | "historicos"' and '"tipos_facturas"' have no overlap.
src/pages/ConfiguracionMaestros.tsx(1802,10): error TS2367: This comparison appears to be unintentional because the types '"categorias" | "hub" | "titulos_base" | "diccionario" | "modelos" | "proveedores" | "rendimientos" | "iconos" | "almacenes" | "monedas" | "usuarios" | "historicos"' and '"alertas_stock"' have no overlap.
src/pages/ConfiguracionMaestros.tsx(1808,10): error TS2367: This comparison appears to be unintentional because the types '"categorias" | "hub" | "titulos_base" | "diccionario" | "modelos" | "proveedores" | "rendimientos" | "iconos" | "almacenes" | "monedas" | "usuarios" | "historicos"' and '"costos_cero"' have no overlap.
